-- TestByNumber_EmptyFile_Golden-aa --
-- TestByNumber_EmptyFile_Golden-ab --
-- TestByNumber_EmptyFile_Golden-ac --
-- TestByNumber_EmptyFile_Golden-ad --
