-- TestByNumberEmpty-aa --
-- TestByNumberEmpty-ab --
-- TestByNumberEmpty-ac --
-- TestByNumberEmpty-ad --
